main.c:67:6:updateClockBuffer	4	static
main.c:74:6:updateClockTime	4	static
main.c:88:6:display7SEG	16	static
main.c:193:6:setEN	16	static
main.c:228:6:update7SEG	16	static
main.c:253:6:displayLEDMatrix	24	static
main.c:266:6:updateLEDMatrix	16	static
main.c:316:6:shiftleftMatrixBuffer	16	static
main.c:330:5:main	8	static
main.c:399:6:SystemClock_Config	72	static
main.c:435:13:MX_TIM2_Init	32	static
main.c:480:13:MX_GPIO_Init	32	static
main.c:530:6:HAL_TIM_PeriodElapsedCallback	16	static
main.c:539:6:Error_Handler	4	static,ignoring_inline_asm
