main.c:66:6:updateClockBuffer	4	static
main.c:73:6:updateClockTime	4	static
main.c:87:6:display7SEG	16	static
main.c:192:6:setEN	16	static
main.c:227:6:update7SEG	16	static
main.c:252:6:displayLEDMatrix	24	static
main.c:265:6:updateLEDMatrix	16	static
main.c:313:5:main	8	static
main.c:379:6:SystemClock_Config	72	static
main.c:415:13:MX_TIM2_Init	32	static
main.c:460:13:MX_GPIO_Init	32	static
main.c:510:6:HAL_TIM_PeriodElapsedCallback	16	static
main.c:519:6:Error_Handler	4	static,ignoring_inline_asm
